// Sumsemann hieß der dicke Maikaefer, der im Fruehling auf einer Kastanie im Garten von Peterchens Eltern hauste, nicht weit von der großen Wiese mit den vielen Sternblumen.
