type mirkwood struct {
	fangorn    int
	lothlorien int
}
